// Jest Snapshot v1, https://goo.gl/fbAQLP

exports[`Text expansion (tags) can tag and recall tags (advanced) 1`] = `
"I like cheese sandwiches. Although, I could trade cheese for veggie. That's right: veggie sandwiches.
I like disappointment burritoes. Although, I could trade disappointment for disappointment. That's right: disappointment burritoes.
I like chocolate cakes. Although, I could trade chocolate for chocolate. That's right: chocolate cakes.
I like pepperoni pizzas. Although, I could trade pepperoni for pepperoni. That's right: pepperoni pizzas.
I like cheese cakes. Although, I could trade cheese for cheese. That's right: cheese cakes.
I like fish sandwiches. Although, I could trade fish for disappointment. That's right: disappointment sandwiches.
I like chocolate pizzas. Although, I could trade chocolate for chocolate. That's right: chocolate pizzas.
I like chocolate burritoes. Although, I could trade chocolate for disappointment. That's right: disappointment burritoes.
I like veggie sandwiches. Although, I could trade veggie for veggie. That's right: veggie sandwiches.
I like veggie pizzas. Although, I could trade veggie for chocolate. That's right: chocolate pizzas.
I like disappointment cakes. Although, I could trade disappointment for cheese. That's right: cheese cakes.
I like veggie sandwiches. Although, I could trade veggie for pepperoni. That's right: pepperoni sandwiches.
I like chocolate pizzas. Although, I could trade chocolate for disappointment. That's right: disappointment pizzas.
I like pepperoni sandwiches. Although, I could trade pepperoni for disappointment. That's right: disappointment sandwiches.
I like fish cakes. Although, I could trade fish for fish. That's right: fish cakes.
I like veggie pizzas. Although, I could trade veggie for fish. That's right: fish pizzas.
I like cheese burritoes. Although, I could trade cheese for pepperoni. That's right: pepperoni burritoes.
I like pepperoni cakes. Although, I could trade pepperoni for veggie. That's right: veggie cakes.
I like fish pizzas. Although, I could trade fish for pepperoni. That's right: pepperoni pizzas.
I like cheese burritoes. Although, I could trade cheese for fish. That's right: fish burritoes.
I like fish pizzas. Although, I could trade fish for chocolate. That's right: chocolate pizzas.
I like cheese sandwiches. Although, I could trade cheese for pepperoni. That's right: pepperoni sandwiches.
I like disappointment sandwiches. Although, I could trade disappointment for chocolate. That's right: chocolate sandwiches.
I like cheese burritoes. Although, I could trade cheese for chocolate. That's right: chocolate burritoes.
I like pepperoni burritoes. Although, I could trade pepperoni for fish. That's right: fish burritoes.
I like chocolate burritoes. Although, I could trade chocolate for fish. That's right: fish burritoes.
I like fish pizzas. Although, I could trade fish for veggie. That's right: veggie pizzas.
I like pepperoni sandwiches. Although, I could trade pepperoni for fish. That's right: fish sandwiches.
I like disappointment burritoes. Although, I could trade disappointment for veggie. That's right: veggie burritoes.
I like disappointment burritoes. Although, I could trade disappointment for pepperoni. That's right: pepperoni burritoes.
I like disappointment pizzas. Although, I could trade disappointment for disappointment. That's right: disappointment pizzas.
I like veggie sandwiches. Although, I could trade veggie for veggie. That's right: veggie sandwiches.
I like pepperoni burritoes. Although, I could trade pepperoni for cheese. That's right: cheese burritoes.
I like pepperoni burritoes. Although, I could trade pepperoni for veggie. That's right: veggie burritoes.
I like veggie burritoes. Although, I could trade veggie for chocolate. That's right: chocolate burritoes.
I like cheese burritoes. Although, I could trade cheese for cheese. That's right: cheese burritoes.
I like veggie sandwiches. Although, I could trade veggie for veggie. That's right: veggie sandwiches.
I like cheese cakes. Although, I could trade cheese for disappointment. That's right: disappointment cakes.
I like fish burritoes. Although, I could trade fish for veggie. That's right: veggie burritoes.
I like pepperoni pizzas. Although, I could trade pepperoni for pepperoni. That's right: pepperoni pizzas.
I like disappointment cakes. Although, I could trade disappointment for chocolate. That's right: chocolate cakes.
I like disappointment sandwiches. Although, I could trade disappointment for cheese. That's right: cheese sandwiches.
I like veggie cakes. Although, I could trade veggie for chocolate. That's right: chocolate cakes.
I like veggie sandwiches. Although, I could trade veggie for chocolate. That's right: chocolate sandwiches.
I like chocolate sandwiches. Although, I could trade chocolate for pepperoni. That's right: pepperoni sandwiches.
I like fish pizzas. Although, I could trade fish for disappointment. That's right: disappointment pizzas.
I like fish burritoes. Although, I could trade fish for veggie. That's right: veggie burritoes.
I like veggie pizzas. Although, I could trade veggie for fish. That's right: fish pizzas.
I like pepperoni sandwiches. Although, I could trade pepperoni for pepperoni. That's right: pepperoni sandwiches.
I like chocolate pizzas. Although, I could trade chocolate for chocolate. That's right: chocolate pizzas.
I like cheese cakes. Although, I could trade cheese for cheese. That's right: cheese cakes.
I like cheese sandwiches. Although, I could trade cheese for veggie. That's right: veggie sandwiches.
I like veggie burritoes. Although, I could trade veggie for veggie. That's right: veggie burritoes.
I like disappointment burritoes. Although, I could trade disappointment for cheese. That's right: cheese burritoes.
I like veggie cakes. Although, I could trade veggie for pepperoni. That's right: pepperoni cakes.
I like veggie burritoes. Although, I could trade veggie for veggie. That's right: veggie burritoes.
I like cheese cakes. Although, I could trade cheese for veggie. That's right: veggie cakes.
I like disappointment sandwiches. Although, I could trade disappointment for fish. That's right: fish sandwiches.
I like cheese pizzas. Although, I could trade cheese for pepperoni. That's right: pepperoni pizzas.
I like fish sandwiches. Although, I could trade fish for cheese. That's right: cheese sandwiches.
I like disappointment pizzas. Although, I could trade disappointment for chocolate. That's right: chocolate pizzas.
I like chocolate sandwiches. Although, I could trade chocolate for cheese. That's right: cheese sandwiches.
I like fish cakes. Although, I could trade fish for chocolate. That's right: chocolate cakes.
I like chocolate sandwiches. Although, I could trade chocolate for fish. That's right: fish sandwiches.
I like pepperoni pizzas. Although, I could trade pepperoni for fish. That's right: fish pizzas.
I like veggie pizzas. Although, I could trade veggie for disappointment. That's right: disappointment pizzas.
I like chocolate sandwiches. Although, I could trade chocolate for cheese. That's right: cheese sandwiches.
I like pepperoni pizzas. Although, I could trade pepperoni for chocolate. That's right: chocolate pizzas.
I like fish sandwiches. Although, I could trade fish for veggie. That's right: veggie sandwiches.
I like chocolate cakes. Although, I could trade chocolate for fish. That's right: fish cakes.
I like disappointment sandwiches. Although, I could trade disappointment for fish. That's right: fish sandwiches.
I like disappointment cakes. Although, I could trade disappointment for chocolate. That's right: chocolate cakes.
I like disappointment burritoes. Although, I could trade disappointment for disappointment. That's right: disappointment burritoes.
I like pepperoni sandwiches. Although, I could trade pepperoni for fish. That's right: fish sandwiches.
I like veggie pizzas. Although, I could trade veggie for chocolate. That's right: chocolate pizzas.
I like veggie pizzas. Although, I could trade veggie for pepperoni. That's right: pepperoni pizzas.
I like disappointment burritoes. Although, I could trade disappointment for veggie. That's right: veggie burritoes.
I like disappointment pizzas. Although, I could trade disappointment for veggie. That's right: veggie pizzas.
I like disappointment sandwiches. Although, I could trade disappointment for pepperoni. That's right: pepperoni sandwiches.
I like disappointment sandwiches. Although, I could trade disappointment for fish. That's right: fish sandwiches.
I like cheese burritoes. Although, I could trade cheese for veggie. That's right: veggie burritoes.
I like chocolate pizzas. Although, I could trade chocolate for pepperoni. That's right: pepperoni pizzas.
I like veggie burritoes. Although, I could trade veggie for disappointment. That's right: disappointment burritoes.
I like disappointment cakes. Although, I could trade disappointment for cheese. That's right: cheese cakes.
I like cheese sandwiches. Although, I could trade cheese for cheese. That's right: cheese sandwiches.
I like pepperoni pizzas. Although, I could trade pepperoni for chocolate. That's right: chocolate pizzas.
I like pepperoni pizzas. Although, I could trade pepperoni for disappointment. That's right: disappointment pizzas.
I like disappointment pizzas. Although, I could trade disappointment for veggie. That's right: veggie pizzas.
I like cheese burritoes. Although, I could trade cheese for fish. That's right: fish burritoes.
I like disappointment burritoes. Although, I could trade disappointment for veggie. That's right: veggie burritoes.
I like cheese pizzas. Although, I could trade cheese for disappointment. That's right: disappointment pizzas.
I like fish cakes. Although, I could trade fish for disappointment. That's right: disappointment cakes.
I like disappointment cakes. Although, I could trade disappointment for pepperoni. That's right: pepperoni cakes.
I like veggie cakes. Although, I could trade veggie for cheese. That's right: cheese cakes.
I like chocolate sandwiches. Although, I could trade chocolate for pepperoni. That's right: pepperoni sandwiches.
I like pepperoni sandwiches. Although, I could trade pepperoni for disappointment. That's right: disappointment sandwiches.
I like pepperoni pizzas. Although, I could trade pepperoni for pepperoni. That's right: pepperoni pizzas.
I like fish sandwiches. Although, I could trade fish for chocolate. That's right: chocolate sandwiches.
I like veggie sandwiches. Although, I could trade veggie for veggie. That's right: veggie sandwiches.
I like veggie cakes. Although, I could trade veggie for veggie. That's right: veggie cakes."
`;

exports[`Text expansion simple expansion (with random seed) 1`] = `
"fish burrito
fish cake
chocolate burrito
pepperoni pizza
fish sandwich
fish burrito
veggie cake
fish burrito
pepperoni burrito
fish sandwich
pepperoni pizza
cheese burrito
chocolate sandwich
cheese cake
fish pizza
cheese sandwich
cheese pizza
disappointment cake
fish pizza
veggie cake
cheese pizza
fish cake
chocolate sandwich
disappointment sandwich
fish burrito
pepperoni sandwich
disappointment burrito
chocolate sandwich
fish sandwich
pepperoni sandwich
veggie sandwich
pepperoni cake
chocolate cake
veggie sandwich
disappointment burrito
pepperoni burrito
fish burrito
pepperoni burrito
veggie pizza
cheese burrito
chocolate pizza
pepperoni cake
fish sandwich
cheese pizza
fish cake
fish sandwich
disappointment cake
chocolate sandwich
fish pizza
disappointment cake
chocolate burrito
pepperoni burrito
veggie burrito
pepperoni pizza
fish cake
fish pizza
chocolate pizza
veggie cake
chocolate pizza
disappointment cake
fish burrito
disappointment sandwich
cheese pizza
cheese pizza
chocolate pizza
veggie sandwich
veggie burrito
pepperoni sandwich
disappointment cake
chocolate burrito
disappointment sandwich
chocolate pizza
chocolate cake
fish pizza
veggie sandwich
veggie cake
veggie sandwich
disappointment cake
disappointment cake
disappointment sandwich
disappointment sandwich
veggie pizza
disappointment sandwich
veggie sandwich
cheese pizza
chocolate pizza
fish sandwich
cheese burrito
disappointment burrito
pepperoni cake
chocolate cake
pepperoni pizza
veggie cake
pepperoni burrito
fish cake
veggie burrito
fish cake
pepperoni burrito
disappointment burrito
disappointment cake"
`;

exports[`Text expansion union groups 1`] = `
"cheese
chocolate
cake
veggie
cheese
pizza
fish
sandwich
burrito
disappointment
veggie
cheese
veggie
cheese
fish
cake
cheese
cake
chocolate
fish
disappointment
chocolate
cheese
burrito
cheese
pepperoni
pizza
pizza
chocolate
pepperoni
burrito
pepperoni
cheese
chocolate
disappointment
burrito
cheese
pizza
pepperoni
cake
disappointment
sandwich
pizza
chocolate
cheese
chocolate
disappointment
pepperoni
pizza
sandwich
chocolate
cake
burrito
disappointment
veggie
chocolate
cheese
pepperoni
cheese
pizza
veggie
disappointment
chocolate
fish
cheese
sandwich
sandwich
pizza
veggie
sandwich
burrito
veggie
disappointment
cheese
cake
chocolate
pepperoni
pepperoni
chocolate
cake
pizza
sandwich
pizza
pepperoni
fish
chocolate
fish
sandwich
pepperoni
fish
pizza
fish
pepperoni
sandwich
pepperoni
disappointment
pizza
pizza
pizza
sandwich"
`;
